// Jest Snapshot v1, https://goo.gl/fbAQLP

exports[`RoundedButton component renders correctly 1`] = `
<View
  style={
    Object {
      "borderRadius": 5,
    }
  }
>
  <View
    accessible={true}
    isTVSelectable={true}
    onResponderGrant={[Function]}
    onResponderMove={[Function]}
    onResponderRelease={[Function]}
    onResponderTerminate={[Function]}
    onResponderTerminationRequest={[Function]}
    onStartShouldSetResponder={[Function]}
    style={
      Object {
        "opacity": 1,
      }
    }
  >
    <View
      style={
        Object {
          "alignItems": "center",
          "backgroundColor": "#ff6b6b",
          "borderColor": "#2089dc",
          "borderRadius": 5,
          "borderWidth": 0,
          "flexDirection": "row",
          "height": 45,
          "justifyContent": "center",
          "marginHorizontal": 25,
          "marginVertical": 10,
          "padding": 8,
        }
      }
    >
      <Text
        style={
          Object {
            "color": "white",
            "fontSize": 14,
            "fontWeight": "bold",
            "paddingBottom": 1,
            "paddingTop": 2,
            "textAlign": "center",
          }
        }
      >
        HOWDY
      </Text>
    </View>
  </View>
</View>
`;

exports[`RoundedButton component with children renders correctly 1`] = `
<View
  style={
    Object {
      "borderRadius": 5,
    }
  }
>
  <View
    accessible={true}
    isTVSelectable={true}
    onResponderGrant={[Function]}
    onResponderMove={[Function]}
    onResponderRelease={[Function]}
    onResponderTerminate={[Function]}
    onResponderTerminationRequest={[Function]}
    onStartShouldSetResponder={[Function]}
    style={
      Object {
        "opacity": 1,
      }
    }
  >
    <View
      style={
        Object {
          "alignItems": "center",
          "backgroundColor": "#ff6b6b",
          "borderColor": "#2089dc",
          "borderRadius": 5,
          "borderWidth": 0,
          "flexDirection": "row",
          "height": 45,
          "justifyContent": "center",
          "marginHorizontal": 25,
          "marginVertical": 10,
          "padding": 8,
        }
      }
    >
      <Text
        style={
          Object {
            "color": "white",
            "fontSize": 14,
            "fontWeight": "bold",
            "paddingBottom": 1,
            "paddingTop": 2,
            "textAlign": "center",
          }
        }
      >
        HOWDY
      </Text>
    </View>
  </View>
</View>
`;
